<area shape="rect" id="node3" href="$_html_parser_8h.html" title="HtmlParser.h" alt="" coords="96,83,192,111">
<area shape="rect" id="node9" href="$_job_scheduler_8cpp.html" title="JobScheduler.cpp" alt="" coords="54,238,176,266">
<area shape="rect" id="node18" href="$_option_dlg_8h.html" title="OptionDlg.h" alt="" coords="299,83,387,111">
<area shape="rect" id="node5" href="$_html_parser_8cpp.html" title="HtmlParser.cpp" alt="" coords="22,161,134,189">
<area shape="rect" id="node7" href="$_job_scheduler_8h.html" title="JobScheduler.h" alt="" coords="158,161,267,189">
<area shape="rect" id="node11" href="$_q_simple_downloader_8h.html" title="QSimpleDownloader.h" alt="" coords="234,238,383,266">
<area shape="rect" id="node13" href="$_main_8cpp.html" title="Main.cpp" alt="" coords="199,315,274,343">
<area shape="rect" id="node15" href="$_q_simple_downloader_8cpp.html" title="QSimpleDownloader.cpp" alt="" coords="298,315,460,343">
<area shape="rect" id="node21" href="$_option_dlg_8cpp.html" title="OptionDlg.cpp" alt="" coords="291,161,395,189">
