<area shape="rect" id="node2" href="$class_option_dlg.html" title="{OptionDlg\n|&#45; recursiveLayer\l&#45; minFileSize\l&#45; saveInSingleDir\l&#45; targets\l|+ OptionDlg()\l+ getRecursiveLayer()\l+ getMinFileSize()\l+ getSaveInSingleDir()\l+ getTargets()\l&#45; readConfigure()\l&#45; readTargets()\l&#45; parseTargetElement()\l}" alt="" coords="5,537,157,778">
<area shape="rect" id="node4" href="$class_job_scheduler.html" title="{JobScheduler\n|&#45; timer\l&#45; baseUrl\l&#45; baseDir\l&#45; baseLayer\l&#45; targets\l&#45; saveInSingleDir\l&#45; fileExistsAction\l&#45; targetList\l&#45; linkList\l&#45; targetIndex\l&#45; linkIndex\l&#45; httpGet\l&#45; htmlParser\l|+ JobScheduler()\l+ start()\l+ stop()\l+ isRunning()\l&#45; checkList()\l&#45; parserDone()\l&#45; getterDone()\l}" alt="" coords="181,473,301,842">
<area shape="rect" id="node6" href="$class_http_get.html" title="{HttpGet\n|&#45; http\l&#45; file\l&#45; downloading\l|+ HttpGet()\l+ getFile()\l+ stop()\l+ isDownloading()\l&#45; httpDone()\l}" alt="" coords="103,118,225,295">
<area shape="rect" id="node8" href="$class_html_parser.html" title="{HtmlParser\n|&#45; layer\l&#45; host\l&#45; dir\l&#45; targets\l&#45; sameHostLink\l&#45; http\l&#45; buffer\l&#45; targetUrls\l&#45; links\l&#45; parsing\l|+ HtmlParser()\l+ ~HtmlParser()\l+ parse()\l+ getTargetUrls()\l+ getLinks()\l+ getLayer()\l+ stop()\l+ isParsing()\l&#45; parseString()\l&#45; trimQuote()\l&#45; endsWithAnyExt()\l&#45; httpDone()\l}" alt="" coords="249,6,385,407">
